../Drivers/UserLib/Src/esp.c:26:12:esp_at_command	24	static
../Drivers/UserLib/Src/esp.c:55:12:esp_reset	16	static
../Drivers/UserLib/Src/esp.c:63:12:esp_get_ip_addr	32	static
../Drivers/UserLib/Src/esp.c:110:12:request_ip_addr	32	static
../Drivers/UserLib/Src/esp.c:149:12:esp_send_messge	56	static
../Drivers/UserLib/Src/esp.c:163:5:drv_esp_init	8	static
../Drivers/UserLib/Src/esp.c:182:5:drv_esp_test_command	176	static
../Drivers/UserLib/Src/esp.c:329:6:HAL_UART_RxCpltCallback	16	static
../Drivers/UserLib/Src/esp.c:341:6:HAL_GPIO_EXTI_Callback	16	static
