../Core/Src/main.c:66:1:__io_putchar	16	static
../Core/Src/main.c:79:13:MX_TIM1_Init	16	static
../Core/Src/main.c:93:6:HAL_TIM_PeriodElapsedCallback	16	static
../Core/Src/main.c:99:10:GetExtendedCounter	16	static
../Core/Src/main.c:114:5:main	16	static
../Core/Src/main.c:168:6:SystemClock_Config	72	static
../Core/Src/main.c:217:13:MX_TIM2_Init	32	static
../Core/Src/main.c:262:13:MX_USART2_UART_Init	8	static
../Core/Src/main.c:295:13:MX_GPIO_Init	40	static
../Core/Src/main.c:339:6:Error_Handler	4	static,ignoring_inline_asm
