../Drivers/UserLib/Src/esp_control.c:23:6:WriteBuffer	16	static
../Drivers/UserLib/Src/esp_control.c:30:9:ReadBuffer	16	static
../Drivers/UserLib/Src/esp_control.c:51:9:AT_COMMAND	16	static
../Drivers/UserLib/Src/esp_control.c:94:9:SendAT	16	static
../Drivers/UserLib/Src/esp_control.c:103:9:EspReset	16	static
../Drivers/UserLib/Src/esp_control.c:113:9:WifiAccess	16	static
../Drivers/UserLib/Src/esp_control.c:123:9:ConnectTcp	24	static
../Drivers/UserLib/Src/esp_control.c:148:9:SendData	152	static
../Drivers/UserLib/Src/esp_control.c:177:9:SetMux	24	static
../Drivers/UserLib/Src/esp_control.c:192:9:RaspiTCPSocketAccess	16	static
../Drivers/UserLib/Src/esp_control.c:201:9:SendDataToRasp	152	static
../Drivers/UserLib/Src/esp_control.c:215:6:HAL_UART_RxCpltCallback	16	static
../Drivers/UserLib/Src/esp_control.c:226:6:setInterrupt	8	static
../Drivers/UserLib/Src/esp_control.c:230:9:EspResponseCheck	16	static
../Drivers/UserLib/Src/esp_control.c:261:6:EspSetting	8	static
