../Drivers/UserLib/Src/module_control.c:17:6:HAL_TIM_PeriodElapsedCallback	16	static
../Drivers/UserLib/Src/module_control.c:24:10:GetMicroSec	16	static
../Drivers/UserLib/Src/module_control.c:35:9:sensing	24	static
../Drivers/UserLib/Src/module_control.c:40:6:turnLED	24	static
../Drivers/UserLib/Src/module_control.c:45:6:motor_start	8	static
../Drivers/UserLib/Src/module_control.c:49:6:runMotor	8	static
../Drivers/UserLib/Src/module_control.c:56:7:getDistance	40	static
../Drivers/UserLib/Src/module_control.c:86:7:getIRTemperature	40	static
