09:11:04 **** Incremental Build of configuration Debug for project DigitalRead_ex ****
make -j12 all 
arm-none-eabi-gcc "../Core/Src/main.c" -mcpu=cortex-m3 -std=gnu11 -g3 -DDEBUG -DUSE_HAL_DRIVER -DSTM32F103xB -c -I../Core/Inc -I../Drivers/STM32F1xx_HAL_Driver/Inc -I../Drivers/STM32F1xx_HAL_Driver/Inc/Legacy -I../Drivers/CMSIS/Device/ST/STM32F1xx/Include -I../Drivers/CMSIS/Include -O0 -ffunction-sections -fdata-sections -Wall -fstack-usage -fcyclomatic-complexity -MMD -MP -MF"Core/Src/main.d" -MT"Core/Src/main.o" --specs=nano.specs -mfloat-abi=soft -mthumb -o "Core/Src/main.o"
arm-none-eabi-gcc -o "DigitalRead_ex.elf" @"objects.list"   -mcpu=cortex-m3 -T"C:\Users\SSAFY\STM32CubeIDE\workspace_1.14.0\DigitalRead_ex\STM32F103RBTX_FLASH.ld" --specs=nosys.specs -Wl,-Map="DigitalRead_ex.map" -Wl,--gc-sections -static --specs=nano.specs -mfloat-abi=soft -mthumb -u _printf_float -Wl,--start-group -lc -lm -Wl,--end-group
Finished building target: DigitalRead_ex.elf
 
arm-none-eabi-size  DigitalRead_ex.elf 
arm-none-eabi-objdump -h -S DigitalRead_ex.elf  > "DigitalRead_ex.list"
   text	   data	    bss	    dec	    hex	filename
  21492	    476	   2060	  24028	   5ddc	DigitalRead_ex.elf
Finished building: default.size.stdout
 
Finished building: DigitalRead_ex.list
 

09:11:05 Build Finished. 0 errors, 0 warnings. (took 811ms)

