17:12:37 **** Incremental Build of configuration Debug for project TIM_check ****
make -j12 all 
arm-none-eabi-gcc "../Core/Src/main.c" -mcpu=cortex-m3 -std=gnu11 -g3 -DDEBUG -DUSE_HAL_DRIVER -DSTM32F103xB -c -I../Core/Inc -I../Drivers/STM32F1xx_HAL_Driver/Inc -I../Drivers/STM32F1xx_HAL_Driver/Inc/Legacy -I../Drivers/CMSIS/Device/ST/STM32F1xx/Include -I../Drivers/CMSIS/Include -O0 -ffunction-sections -fdata-sections -Wall -fstack-usage -fcyclomatic-complexity -MMD -MP -MF"Core/Src/main.d" -MT"Core/Src/main.o" --specs=nano.specs -mfloat-abi=soft -mthumb -o "Core/Src/main.o"
arm-none-eabi-gcc -o "TIM_check.elf" @"objects.list"   -mcpu=cortex-m3 -T"C:\Users\SSAFY\STM32CubeIDE\workspace_1.14.0\TIM_check\STM32F103RBTX_FLASH.ld" --specs=nosys.specs -Wl,-Map="TIM_check.map" -Wl,--gc-sections -static --specs=nano.specs -mfloat-abi=soft -mthumb -Wl,--start-group -lc -lm -Wl,--end-group
Finished building target: TIM_check.elf
 
arm-none-eabi-size  TIM_check.elf 
arm-none-eabi-objdump -h -S TIM_check.elf  > "TIM_check.list"
   text	   data	    bss	    dec	    hex	filename
  12632	    112	   2056	  14800	   39d0	TIM_check.elf
Finished building: default.size.stdout
 
Finished building: TIM_check.list
 
17:12:47 **** Incremental Build of configuration Debug for project TIM_check ****
make -j12 all 
arm-none-eabi-gcc "../Core/Src/main.c" -mcpu=cortex-m3 -std=gnu11 -g3 -DDEBUG -DUSE_HAL_DRIVER -DSTM32F103xB -c -I../Core/Inc -I../Drivers/STM32F1xx_HAL_Driver/Inc -I../Drivers/STM32F1xx_HAL_Driver/Inc/Legacy -I../Drivers/CMSIS/Device/ST/STM32F1xx/Include -I../Drivers/CMSIS/Include -O0 -ffunction-sections -fdata-sections -Wall -fstack-usage -fcyclomatic-complexity -MMD -MP -MF"Core/Src/main.d" -MT"Core/Src/main.o" --specs=nano.specs -mfloat-abi=soft -mthumb -o "Core/Src/main.o"
arm-none-eabi-gcc -o "TIM_check.elf" @"objects.list"   -mcpu=cortex-m3 -T"C:\Users\SSAFY\STM32CubeIDE\workspace_1.14.0\TIM_check\STM32F103RBTX_FLASH.ld" --specs=nosys.specs -Wl,-Map="TIM_check.map" -Wl,--gc-sections -static --specs=nano.specs -mfloat-abi=soft -mthumb -Wl,--start-group -lc -lm -Wl,--end-group
Finished building target: TIM_check.elf
 
arm-none-eabi-size  TIM_check.elf 
arm-none-eabi-objdump -h -S TIM_check.elf  > "TIM_check.list"
   text	   data	    bss	    dec	    hex	filename
  12636	    112	   2056	  14804	   39d4	TIM_check.elf
Finished building: default.size.stdout
 
Finished building: TIM_check.list
 
17:13:19 **** Incremental Build of configuration Debug for project TIM_check ****
make -j12 all 
arm-none-eabi-gcc "../Core/Src/tim.c" -mcpu=cortex-m3 -std=gnu11 -g3 -DDEBUG -DUSE_HAL_DRIVER -DSTM32F103xB -c -I../Core/Inc -I../Drivers/STM32F1xx_HAL_Driver/Inc -I../Drivers/STM32F1xx_HAL_Driver/Inc/Legacy -I../Drivers/CMSIS/Device/ST/STM32F1xx/Include -I../Drivers/CMSIS/Include -O0 -ffunction-sections -fdata-sections -Wall -fstack-usage -fcyclomatic-complexity -MMD -MP -MF"Core/Src/tim.d" -MT"Core/Src/tim.o" --specs=nano.specs -mfloat-abi=soft -mthumb -o "Core/Src/tim.o"
arm-none-eabi-gcc -o "TIM_check.elf" @"objects.list"   -mcpu=cortex-m3 -T"C:\Users\SSAFY\STM32CubeIDE\workspace_1.14.0\TIM_check\STM32F103RBTX_FLASH.ld" --specs=nosys.specs -Wl,-Map="TIM_check.map" -Wl,--gc-sections -static --specs=nano.specs -mfloat-abi=soft -mthumb -Wl,--start-group -lc -lm -Wl,--end-group
Finished building target: TIM_check.elf
 
arm-none-eabi-size  TIM_check.elf 
arm-none-eabi-objdump -h -S TIM_check.elf  > "TIM_check.list"
   text	   data	    bss	    dec	    hex	filename
  12636	    112	   2056	  14804	   39d4	TIM_check.elf
Finished building: default.size.stdout
 
Finished building: TIM_check.list
 
