15:40:58 **** Incremental Build of configuration Debug for project HCSR04 ****
make -j12 all 
arm-none-eabi-gcc "../Core/Src/main.c" -mcpu=cortex-m3 -std=gnu11 -g3 -DDEBUG -DUSE_HAL_DRIVER -DSTM32F103xB -c -I../Core/Inc -I../Drivers/STM32F1xx_HAL_Driver/Inc -I../Drivers/STM32F1xx_HAL_Driver/Inc/Legacy -I../Drivers/CMSIS/Device/ST/STM32F1xx/Include -I../Drivers/CMSIS/Include -O0 -ffunction-sections -fdata-sections -Wall -fstack-usage -fcyclomatic-complexity -MMD -MP -MF"Core/Src/main.d" -MT"Core/Src/main.o" --specs=nano.specs -mfloat-abi=soft -mthumb -o "Core/Src/main.o"
arm-none-eabi-gcc -o "HCSR04.elf" @"objects.list"   -mcpu=cortex-m3 -T"C:\Users\SSAFY\STM32CubeIDE\workspace_1.14.0\HCSR04\STM32F103RBTX_FLASH.ld" --specs=nosys.specs -Wl,-Map="HCSR04.map" -Wl,--gc-sections -static --specs=nano.specs -mfloat-abi=soft -mthumb -Wl,--start-group -lc -lm -Wl,--end-group
Finished building target: HCSR04.elf
 
arm-none-eabi-size  HCSR04.elf 
arm-none-eabi-objdump -h -S HCSR04.elf  > "HCSR04.list"
   text	   data	    bss	    dec	    hex	filename
  11340	    112	   2056	  13508	   34c4	HCSR04.elf
Finished building: default.size.stdout
 
Finished building: HCSR04.list
 

15:40:59 Build Finished. 0 errors, 0 warnings. (took 701ms)

