14:04:00 **** Incremental Build of configuration Debug for project Timmer_Test ****
make -j12 all 
arm-none-eabi-gcc "../Core/Src/main.c" -mcpu=cortex-m3 -std=gnu11 -g3 -DDEBUG -DUSE_HAL_DRIVER -DSTM32F103xB -c -I../Core/Inc -I../Drivers/STM32F1xx_HAL_Driver/Inc -I../Drivers/STM32F1xx_HAL_Driver/Inc/Legacy -I../Drivers/CMSIS/Device/ST/STM32F1xx/Include -I../Drivers/CMSIS/Include -O0 -ffunction-sections -fdata-sections -Wall -fstack-usage -fcyclomatic-complexity -MMD -MP -MF"Core/Src/main.d" -MT"Core/Src/main.o" --specs=nano.specs -mfloat-abi=soft -mthumb -o "Core/Src/main.o"
arm-none-eabi-gcc -o "Timmer_Test.elf" @"objects.list"   -mcpu=cortex-m3 -T"C:\Users\SSAFY\STM32CubeIDE\workspace_1.14.0\Timmer_Test\STM32F103RBTX_FLASH.ld" --specs=nosys.specs -Wl,-Map="Timmer_Test.map" -Wl,--gc-sections -static --specs=nano.specs -mfloat-abi=soft -mthumb -Wl,--start-group -lc -lm -Wl,--end-group
Finished building target: Timmer_Test.elf
 
arm-none-eabi-size  Timmer_Test.elf 
arm-none-eabi-objdump -h -S Timmer_Test.elf  > "Timmer_Test.list"
   text	   data	    bss	    dec	    hex	filename
  12872	    112	   2128	  15112	   3b08	Timmer_Test.elf
Finished building: default.size.stdout
 
Finished building: Timmer_Test.list
 

14:04:00 Build Finished. 0 errors, 0 warnings. (took 703ms)

